// Jest Snapshot v1, https://goo.gl/fbAQLP

exports[`script.html 1`] = `
====================================options=====================================
parsers: ["html"]
printWidth: 80
                                                                                | printWidth
=====================================input======================================
<script type="application/ld+json">
  {   "json": true }
</script>
<script type="application/json">
  {   "json":true  }
</script>
<script type="importmap">
  {   "json":true  }
</script>
<script type="systemjs-importmap">
  {   "json":true  }
</script>
<script type="invalid">
  {   "json":false  }
</script>

=====================================output=====================================
<script type="application/ld+json">
  { "json": true }
</script>
<script type="application/json">
  { "json": true }
</script>
<script type="importmap">
  { "json": true }
</script>
<script type="systemjs-importmap">
  { "json": true }
</script>
<script type="invalid">
  {   "json":false  }
</script>

================================================================================
`;
